// Jest Snapshot v1, https://goo.gl/fbAQLP

exports[`should render ExpenseList with empty message 1`] = `
<div>
  <p>
    There are no expenses to display
  </p>
</div>
`;

exports[`should render the ExpenseList with expenses 1`] = `
<div>
  <ExpenseListItem
    amount={195}
    createdAt={0}
    description="Gum"
    id="1"
    key="0"
    note=""
  />
  <ExpenseListItem
    amount={1950}
    createdAt={-345600000}
    description="Rent"
    id="2"
    key="1"
    note=""
  />
  <ExpenseListItem
    amount={45000}
    createdAt={345600000}
    description="Credit Card"
    id="3"
    key="2"
    note=""
  />
</div>
`;
